177472
218310
916826
26722
1032685
395836
264847
17304
936956
44748
1495250
351419
242362
765167
129804
676400
287190
19662
1331554
1452715
6585
166214
509954
4145
546291
132438
837171
321465
22073
1066169
5259
1458790
1461846
1227788
989895
1020288
1175252
267326
773718
134240
572356
832
18268
1513896
29359
434669
7988
389124
942372
271113
9337
408498
5975
459766
69275
3136
1283126
107515
994594
1328869
782492
147258
516822
674213
1334240
1220
685372
61281
325629
15226
405229
1247496
163935
10591
188099
446688
282072
14621
508325
1023071
1244796
472815
106703
1068565
306067
1006786
76
64282
1047600
1030229
6187
1368616
226736
1132
334152
145327
66161
90998
262488
1097061
