3
13
62
307
1506
7
119
2375
47143
907111
13
517
23494
1042555
44753638
2555
44753638
1872097843
21
1525
123509
9702517
737485941
