7764
56875
24880
191014
32631
133342
193642
252988
65252
24567
38256
92594
213464
175624
41035
127574
2649
201634
231362
142988
174788
249982
171464
12098
230
33355
45175
73652
10614
6114
84292
221852
25831
28792
5808
205238
948
189272
59767
18456
12318
5658
292
181532
22731
23335
126152
43912
60747
526
32992
182384
243038
50407
148322
13448
3297
173122
1492
8
23032
37095
131164
117104
26152
137752
42667
188404
138494
74194
31915
1812
94424
48631
210704
68342
43495
78602
5510
46456
137012
53131
102562
440
120544
119162
64238
98764
7940
64744
63232
43080
260
53592
212542
186674
233288
71504
15360
103202
