5320
12133
4
432
24
3240
3
150
1733480
36
28
28
28
150
28
120
12133
348
32640
3
351
16
195000
12
1078
6
8
13106
300
3240
120
24
28
886
1154680
52
73968
351
6
293072
